0x0F000074  0x00200090
0x08001030  0x203fffff
0x01000084  0x00000010
0x6f0001f8
0x01000084  0x00000000
0x0F03E02C  0x86860000
0x0F03E030  0x10AF0000
0x0F03E034  0xE3522C2C
0x0f03E038  0x849800B7
0x0F03E03C  0xC0000F00
0x0F03E03C  0x80000F00
0x0f03E040  0x00020002
0x0f03E044  0x11031103
0x0f03E048  0x11031103
0x0f03E04C  0x000400C0
0x0f0010b0  0x20180605
0x0f0010b4  0x16303711
0x08001030  0x603fffff
0x0f001000  0x1C80C383
0x08001004  0x10000000
0x03001030  0x6000B861
0x08001030  0x6000B861
0x08001030  0x2000B861
0x08001030  0x0000B861
0x6f0001f8
0x6f0001f8
0x08001030  0x4000B861
0x6f0001f8
0x6f0001f8
0x08001030  0x6000B861
0x01001004  0x8011101C
0x2f084100  0x00000000  0x00000000
0x2f0C0000  0x00000000  0x00000000
0x2f040400  0x00000000  0x00000000
0x2f01D500  0x00000000  0x00000000
0x01001004  0x8011102C
0x2f004000  0x00000000  0x00000000
0x01001004  0x8011100C
0x2f0026a0  0x00000000  0x00000000
0x2f0026a0  0x00000000  0x00000000
0x01001004  0x80111014
0x2f0026a0  0x00000000  0x00000000
0x01001004  0x80111024
0x2f0026a0  0x00000000  0x00000000
0x01001004  0x80111000
0x0f001000  0x48907073
0x0f001004  0x0093a100
0x03001030  0x00005000
0x0f00100c  0xffff4055
0x03000224  0xffffffff
0x0f001010  0xffffffff
0x0f001018  0xffffffff
0x0f001078  0xffffffff
0x0f001070  0xffffffff
0x0f00107c  0xffffffff
0x0f001080  0xffffffff
0x0f001020  0xffffffff
0x04001024  0xffffffff
0x06001008  0x00FF8000
0x0f001014  0x33330f00
0x0f00101c  0xffffffff
0x06001034  0x00FF8000
0x0f001038  0x88880f00
0x0f00103c  0xffffffff
0x06001028  0x00FF8000
0x0f00102c  0x88880700
0x0f001068  0xffffffff
0x06001094  0x00FF8000
0x0f001098  0x88880f00
0x0f00109C  0xffffffff
0x060010A0  0x00FF8000
0x0f0010A4  0x88880f00
0x0f0010A8  0xffffffff
0x060010E0  0x00FF8000
0x0f0010E4  0x88880f00
0x0f0010E8  0xffffffff
0x060010EC  0x00FF8000
0x0f0010F0  0x88880f00
0x0f0010F4  0xffffffff
0x060010F8  0x00FF8000
0x0f0010FC  0x88880f00
0x0f001104  0xffffffff
0x06001108  0x00FF8000
0x0f00110C  0x88880f00
0x0f001110  0xffffffff
0x6f0001f8
0xdeaddead  0xdeaddead
